
> prompt-architect@1.0.0 test
> jest src/__tests__/evaluation/overfittingDetector.test.ts

npm : FAIL src/__tests__/eval
uation/overfittingDetector.te
st.ts
At line:1 char:1
+ npm test src/__tests__/eval
uation/overfittingDetector.te
st.ts > test_ ...
+ ~~~~~~~~~~~~~~~~~~~~~~~~~~~
~~~~~~~~~~~~~~~~~~~~~~~~~~~~~
~~~~~~~~~~~~~
    + CategoryInfo           
   : NotSpecified: (FAIL sr  
  c/__test...etector.test.   
 ts:String) [], RemoteExc    
eption
    + FullyQualifiedErrorId  
   : NativeCommandError
 
  detectOverfitting
    ΓêÜ should detect no 
overfitting when scores are 
similar (3 ms)
    ΓêÜ should detect mild 
overfitting (1 ms)
    ΓêÜ should detect 
moderate overfitting
    ΓêÜ should detect severe 
overfitting
    ΓêÜ should respect 
custom threshold (1 ms)
    ΓêÜ should analyze 
complexity correctly (1 ms)
    ΓêÜ should include 
recommendations
  kFoldCrossValidation
    ΓêÜ should perform 
5-fold validation (3 ms)
    ΓêÜ should identify best 
and worst folds (1 ms)
    ├ù should determine 
stability correctly (3 ms)
    ΓêÜ should throw error 
if k < 2 (7 ms)
    ΓêÜ should throw error 
if not enough test cases (1 
ms)
  splitDataset
    ΓêÜ should split dataset 
with default ratios
    ΓêÜ should split with 
custom ratios
    ΓêÜ should not have 
overlapping samples (1 ms)
  heldOutValidation
    ΓêÜ should return scores 
for all three sets (1 ms)
    ΓêÜ should calculate 
generalization score 
correctly (1 ms)
  analyzeDiversity
    ΓêÜ should calculate 
diversity for uniform 
distribution
    ΓêÜ should calculate low 
diversity for skewed 
distribution
    ΓêÜ should identify 
sufficient diversity
    ΓêÜ should handle 
uncategorized data (1 ms)
  calculateRegularization
    ΓêÜ should penalize 
longer prompts more
    ΓêÜ should respect 
lambda parameter
    ΓêÜ should return 
positive penalty
  simplifyPrompt
    ΓêÜ should reduce prompt 
length
    ├ù should remove examples
    ΓêÜ should remove 
explanations
    ΓêÜ should respect 
target reduction
    ΓêÜ should preserve at 
least minimum lines (1 ms)
  comprehensiveOverfittingAna
lysis
    ΓêÜ should return all 
analysis components (1 ms)
    ├ù should generate 
simplified prompt for 
complex prompts (1 ms)
    ΓêÜ should not generate 
simplified prompt for simple 
prompts (1 ms)
  Integration Tests
    ├ù complete workflow: 
detect and fix overfitting 
(3 ms)

  ΓùÅ kFoldCrossValidation 
ΓÇ║ should determine 
stability correctly

    expect(received).toBeLess
Than(expected)

    Expected: < 0
    Received:   0

    [0m [90m 199 |[39m    
     
     [90m 200 |[39m        
 [90m// Stable should have 
lower std deviation[39m
    
[31m[1m>[22m[39m[90m 
201 |[39m         expect(sta
bleResult[33m.[39mstdDeviat
ion)[33m.[39mtoBeLessThan(u
nstableResult[33m.[39mstdDe
viation)[33m;[39m
     [90m     |[39m        
                             
      [31m[1m^[22m[39m
     [90m 202 |[39m     
})[33m;[39m
     [90m 203 |[39m     
     [90m 204 |[39m     
test([32m'should throw 
error if k < 
2'[39m[33m,[39m 
[36masync[39m () 
[33m=>[39m {[0m

      at src/__tests__/evalua
tion/overfittingDetector.test
.ts:201:43
      at step (src/__tests__/
evaluation/overfittingDetecto
r.test.ts:48:23)
      at Object.next (src/__t
ests__/evaluation/overfitting
Detector.test.ts:29:53)
      at fulfilled (src/__tes
ts__/evaluation/overfittingDe
tector.test.ts:20:58)

  ΓùÅ simplifyPrompt ΓÇ║ 
should remove examples

    expect(received).not.toCo
ntain(expected) // indexOf

    Expected substring: not 
"Example:"
    Received string:        
"Write a function.
    Example: function add(a, 
b) { return a + b; }
    Make it efficient."

    [0m [90m 397 |[39m    
     [36mconst[39m 
simplified [33m=[39m simpli
fyPrompt(prompt)[33m;[39m
     [90m 398 |[39m        
 
    
[31m[1m>[22m[39m[90m 
399 |[39m         expect(sim
plified)[33m.[39mnot[33m.
[39mtoContain([32m'Example:'
[39m)[33m;[39m
     [90m     |[39m        
                        
[31m[1m^[22m[39m
     [90m 400 |[39m     
})[33m;[39m
     [90m 401 |[39m     
     [90m 402 |[39m     
test([32m'should remove expl
anations'[39m[33m,[39m () 
[33m=>[39m {[0m

      at Object.<anonymous> (
src/__tests__/evaluation/over
fittingDetector.test.ts:399:3
2)

  ΓùÅ comprehensiveOverfittin
gAnalysis ΓÇ║ should 
generate simplified prompt 
for complex prompts

    expect(received).toBeLess
Than(expected)

    Expected: < 5000
    Received:   5000

    [0m [90m 470 |[39m    
     
     [90m 471 |[39m        
 expect(analysis[33m.[39msi
mplifiedPrompt)[33m.[39mtoB
eDefined()[33m;[39m
    
[31m[1m>[22m[39m[90m 
472 |[39m         expect(ana
lysis[33m.[39msimplifiedPro
mpt[33m![39m[33m.[39mleng
th)[33m.[39mtoBeLessThan(co
mplexPrompt[33m.[39mlength)
[33m;[39m
     [90m     |[39m        
                             
              
[31m[1m^[22m[39m
     [90m 473 |[39m     
})[33m;[39m
     [90m 474 |[39m     
     [90m 475 |[39m     
test([32m'should not 
generate simplified prompt 
for simple 
prompts'[39m[33m,[39m 
[36masync[39m () 
[33m=>[39m {[0m

      at src/__tests__/evalua
tion/overfittingDetector.test
.ts:472:51
      at step (src/__tests__/
evaluation/overfittingDetecto
r.test.ts:48:23)
      at Object.next (src/__t
ests__/evaluation/overfitting
Detector.test.ts:29:53)
      at fulfilled (src/__tes
ts__/evaluation/overfittingDe
tector.test.ts:20:58)

  ΓùÅ Integration Tests ΓÇ║ 
complete workflow: detect 
and fix overfitting

    expect(received).toBe(exp
ected) // Object.is equality

    Expected: true
    Received: false

    [0m [90m 519 |[39m    
     
     [90m 520 |[39m        
 [90m// 5. Verify 
overfitting detected[39m
    
[31m[1m>[22m[39m[90m 
521 |[39m         expect(ana
lysis[33m.[39moverfittingRe
port[33m.[39misOverfit)[33
m.[39mtoBe([36mtrue[39m)[
33m;[39m
     [90m     |[39m        
                             
                 
[31m[1m^[22m[39m
     [90m 522 |[39m        
 expect(analysis[33m.[39mov
erfittingReport[33m.[39msev
erity)[33m.[39mnot[33m.[3
9mtoBe([32m'none'[39m)[33m
;[39m
     [90m 523 |[39m        
 
     [90m 524 |[39m        
 [90m// 6. Verify 
simplified prompt 
generated[39m[0m

      at src/__tests__/evalua
tion/overfittingDetector.test
.ts:521:54
      at step (src/__tests__/
evaluation/overfittingDetecto
r.test.ts:48:23)
      at Object.next (src/__t
ests__/evaluation/overfitting
Detector.test.ts:29:53)
      at fulfilled (src/__tes
ts__/evaluation/overfittingDe
tector.test.ts:20:58)

Test Suites: 1 failed, 1 
total
Tests:       4 failed, 29 
passed, 33 total
Snapshots:   0 total
Time:        0.491 s, 
estimated 1 s
Ran all test suites matching 
src/__tests__/evaluation/over
fittingDetector.test.ts.
